2025-10-16 18:16:20,703 [http-nio-8888-exec-4] - [DEBUG] - com.cifrado.controller.CifradoController: 2.- Resultado cifrado AES ( Subcadena2 ) [OTBYp1FJQwGRR9WLuSbPIYyXm9DlEXbMW9OBt8S+x9QLCkLDSwLFuP9a40kLXcEHJdV6o7QVp+sNk9CS7EEH82KJ0/oylIfbBTHF9G31osmFoTFnHFpfgdmqfVXlWLfyK8Iy3fxY6rnFWF064rqywYsLGIWDRAGfLe0rOPsmD/LGSLQIXdzOZrjhz58Sf9vN3tNYqT4GZJwpfG/oYfcNk/Q7n2FVhzDwOFCmxMLwsI+mBjMVdnVKxUvhrSU3vSlc+/jkhDKhJaGrVZzJE10vNioOBTAA8lQ/Y1Dsu4iGp2KxbGqb1Bhmr9Nfp59Qj2HAcCzahvNfix4ScX1u88ggyIxDlsD6wttBAPaKKpADfeIjXCeZbIWyJsdN4spRVyLScm1EiJslHPuBh+xfzc1UWG/wCu0a0NmayDwk4OexA9LzOK6f8VE=]
2025-10-16 18:16:20,732 [http-nio-8888-exec-4] - [DEBUG] - com.cifrado.controller.CifradoController: 3.- Prueba decifrado AES (JSON Datos) [{"merchantId":"9709884","name":"ANGIE","password":"Mar?toN2!5","mode":"PRD","controlNumber":"REF1760638578","terminalId":"97098841","amount":"20.00","merchantName":"INSCRIP MARATHON MTY","merchantCity":"Monterrey","lang":"ES","customerRef1":"NA","customerRef2":"NA","customerRef3":"NA","customerRef4":"NA","customerRef5":"NA"}]
2025-10-16 18:16:20,733 [http-nio-8888-exec-4] - [DEBUG] - com.cifrado.controller.CifradoController: 4.- AES Llaves Generada [69786e77736864626367797079747163::6e6667786e72753871706b33376b6f36::TIe5=G*)hxcdco&6]
2025-10-16 18:16:20,733 [http-nio-8888-exec-4] - [DEBUG] - com.cifrado.controller.CifradoController: -
2025-10-16 18:16:20,734 [http-nio-8888-exec-4] - [DEBUG] - com.cifrado.utils.CifradoRSA: RSA Encrypt Provider: [SunJCE], [RSA/ECB/OAEPWITHSHA-256ANDMGF1PADDING]
2025-10-16 18:16:20,735 [http-nio-8888-exec-4] - [DEBUG] - com.cifrado.controller.CifradoController: 5.- Resultado cifrado de Llaves AES ( Subcadena1 ) [m+EOe0kIJT8b2zbVx9fZ1BC7FostDzc6Q8/VZyDvya+ToJ1INvwnvlH+8JxvXsj9o0Gb0To2L35cNO8L0Az8u84Wci76XlBkbifCEOVip+kxc6tTBglAhjIljSQnl0zdo2lphYsg+96lCz/XOrNp7p74S1ejfd2+oDEKX1yihL837k0s02cuvQ8rXAk8IujmfhDjzi5u92a2D9Is9GWlmSBLKO9CgT9Xq0z3hKr3RhQdl25lw02NbRv2nvW7BcTbHAd4r2xdiQJOzUThkZ9+4FENG6GcIEJ0cj9Du8EmLTGVq1b9eZYWpNgEAmq8FUsPoLxDgRO53FrpwvBjdzeZdg==]
2025-10-16 18:16:20,735 [http-nio-8888-exec-4] - [DEBUG] - com.cifrado.controller.CifradoController: Cadena para enviar al Orquestador (Subcadena1:::Subcadena2) [m+EOe0kIJT8b2zbVx9fZ1BC7FostDzc6Q8/VZyDvya+ToJ1INvwnvlH+8JxvXsj9o0Gb0To2L35cNO8L0Az8u84Wci76XlBkbifCEOVip+kxc6tTBglAhjIljSQnl0zdo2lphYsg+96lCz/XOrNp7p74S1ejfd2+oDEKX1yihL837k0s02cuvQ8rXAk8IujmfhDjzi5u92a2D9Is9GWlmSBLKO9CgT9Xq0z3hKr3RhQdl25lw02NbRv2nvW7BcTbHAd4r2xdiQJOzUThkZ9+4FENG6GcIEJ0cj9Du8EmLTGVq1b9eZYWpNgEAmq8FUsPoLxDgRO53FrpwvBjdzeZdg==:::OTBYp1FJQwGRR9WLuSbPIYyXm9DlEXbMW9OBt8S+x9QLCkLDSwLFuP9a40kLXcEHJdV6o7QVp+sNk9CS7EEH82KJ0/oylIfbBTHF9G31osmFoTFnHFpfgdmqfVXlWLfyK8Iy3fxY6rnFWF064rqywYsLGIWDRAGfLe0rOPsmD/LGSLQIXdzOZrjhz58Sf9vN3tNYqT4GZJwpfG/oYfcNk/Q7n2FVhzDwOFCmxMLwsI+mBjMVdnVKxUvhrSU3vSlc+/jkhDKhJaGrVZzJE10vNioOBTAA8lQ/Y1Dsu4iGp2KxbGqb1Bhmr9Nfp59Qj2HAcCzahvNfix4ScX1u88ggyIxDlsD6wttBAPaKKpADfeIjXCeZbIWyJsdN4spRVyLScm1EiJslHPuBh+xfzc1UWG/wCu0a0NmayDwk4OexA9LzOK6f8VE=]
2025-10-16 18:16:43,955 [http-nio-8888-exec-6] - [DEBUG] - com.cifrado.controller.CifradoController: Obteniendo Base64 (JSON Datos) [eyJtZXJjaGFudElkIjoiOTcwOTg4NCIsIm5hbWUiOiJBTkdJRSIsInBhc3N3b3JkIjoiTWFyP3RvTjIhNSIsIm1vZGUiOiJQUkQiLCJjb250cm9sTnVtYmVyIjoiUkVGMTc2MDYzODU5OCIsInRlcm1pbmFsSWQiOiI5NzA5ODg0MSIsImFtb3VudCI6IjIwLjAwIiwibWVyY2hhbnROYW1lIjoiSU5TQ1JJUCBNQVJBVEhPTiBNVFkiLCJtZXJjaGFudENpdHkiOiJNb250ZXJyZXkiLCJsYW5nIjoiRVMiLCJjdXN0b21lclJlZjEiOiJOQSIsImN1c3RvbWVyUmVmMiI6Ik5BIiwiY3VzdG9tZXJSZWYzIjoiTkEiLCJjdXN0b21lclJlZjQiOiJOQSIsImN1c3RvbWVyUmVmNSI6Ik5BIn0=]... 
2025-10-16 18:16:43,955 [http-nio-8888-exec-6] - [DEBUG] - com.cifrado.controller.CifradoController: Resultado Decodificado de Base64 (JSON Datos) [{"merchantId":"9709884","name":"ANGIE","password":"Mar?toN2!5","mode":"PRD","controlNumber":"REF1760638598","terminalId":"97098841","amount":"20.00","merchantName":"INSCRIP MARATHON MTY","merchantCity":"Monterrey","lang":"ES","customerRef1":"NA","customerRef2":"NA","customerRef3":"NA","customerRef4":"NA","customerRef5":"NA"}]

2025-10-16 18:16:43,955 [http-nio-8888-exec-6] - [DEBUG] - com.cifrado.controller.CifradoController: 1.- Se cifrará JSON Datos con la llave pública -> [MIIGdDCCBVygAwIBAgITFwABTnQA5m6Udb1vlQABAAFOdDANBgkqhkiG9w0BAQsF
ADB5MQswCQYDVQQGEwJNWDEZMBcGCgmSJomT8ixkARkWCWdmYmFub3J0ZTEeMBwG
A1UEChMVU2VndXJpZGFkIGluZm9ybWF0aWNhMS8wLQYDVQQDEyZHcnVwbyBGaW5h
bmNpZXJvIEJhbm9ydGUgQ0EgRW50ZXJwcmlzZTAeFw0yNTAyMjEyMDAwMzVaFw0y
NjAyMjEyMDAwMzVaMIGoMQswCQYDVQQGEwJNWDELMAkGA1UECBMCREYxDzANBgNV
BAcTBk1leGljbzErMCkGA1UEChMiR3J1cG8gRmluYW5jaWVybyBCYW5vcnRlIFNB
QiBkZSBDVjEkMCIGA1UECxMbU2VndXJpZGFkIGRlIGxhIEluZm9ybWFjaW9uMSgw
JgYDVQQDEx9tdWx0aWNvYnJvc2tleS51bml4LmJhbm9ydGUuY29tMIIBIjANBgkq
hkiG9w0BAQEFAAOCAQ8AMIIBCgKCAQEAvp69wp3Z6ZXCHS+OQ2k8H26dWwuF/cSv
f37YT7NYfz4YvvXeahNv0CCStL5tATSoYj8MDKzNbwidXq/7e6JQpV1bcZjYXcjL
qli0GrOaJ00wUdR3zFS5F85Ks7ycTW6wNl/n7X8QXFVAh+HJyO7yrKdopcPyNLfJ
xBeXlvvuGfAKLJ7mCDdPN2UROg/35yLKil+VMB8OgF/KXEajmR0a+FiEe96+AkW3
oWMslb9fXm8+Kc4IqXKTZQg52CHPlbSnY8vaBqZd0sH5W60NILFFXgNFXsQAHhUt
njvcL+MY6NOHGeRYyrafP7Vwoog2kQiIUZafH/D1dWmB0r9qCv3VkQIDAQABo4IC
wzCCAr8wMgYDVR0RBCswKYIKbG54c2lzYTAxcIIbbG54c2lzYTAxcC51bml4LmJh
bm9ydGUuY29tMB0GA1UdDgQWBBR3lYj1Ic4B/MjmXVpM+fSAo3YxhTAfBgNVHSME
GDAWgBTQBPbPr59ruX3bXiA0YK0zB6UM0zCB7QYDVR0fBIHlMIHiMIHfoIHcoIHZ
hoHWbGRhcDovLy9DTj1HcnVwbyUyMEZpbmFuY2llcm8lMjBCYW5vcnRlJTIwQ0El
MjBFbnRlcnByaXNlLENOPUNBLUJBTk9SVEUtUkEsQ049Q0RQLENOPVB1YmxpYyUy
MEtleSUyMFNlcnZpY2VzLENOPVNlcnZpY2VzLENOPUNvbmZpZ3VyYXRpb24sREM9
Z2ZiYW5vcnRlP2NlcnRpZmljYXRlUmV2b2NhdGlvbkxpc3Q/YmFzZT9vYmplY3RD
bGFzcz1jUkxEaXN0cmlidXRpb25Qb2ludDCB2wYIKwYBBQUHAQEEgc4wgcswgcgG
CCsGAQUFBzAChoG7bGRhcDovLy9DTj1HcnVwbyUyMEZpbmFuY2llcm8lMjBCYW5v
cnRlJTIwQ0ElMjBFbnRlcnByaXNlLENOPUFJQSxDTj1QdWJsaWMlMjBLZXklMjBT
ZXJ2aWNlcyxDTj1TZXJ2aWNlcyxDTj1Db25maWd1cmF0aW9uLERDPWdmYmFub3J0
ZT9jQUNlcnRpZmljYXRlP2Jhc2U/b2JqZWN0Q2xhc3M9Y2VydGlmaWNhdGlvbkF1
dGhvcml0eTALBgNVHQ8EBAMCBaAwPAYJKwYBBAGCNxUHBC8wLQYlKwYBBAGCNxUI
g+v5BoK1j0eNkROCp58GguHddCKCxphfgtj9DwIBZAIBEjATBgNVHSUEDDAKBggr
BgEFBQcDATAbBgkrBgEEAYI3FQoEDjAMMAoGCCsGAQUFBwMBMA0GCSqGSIb3DQEB
CwUAA4IBAQBicj3sAYJZTkjNo+HcqhPGDSA8vJ3rTEvDDqcaNiWlfPFaXLNBxfk2
aKuV6Ibf1nSE9lfrpqVz+RwKCrtc4jXx9lO6BkgAuG7H2h6Tg53TbYPUJnr5ynwi
jRlOacsJFvj5c6MLoM0Jrdw9ozd8UVjbqHTWo9iClPOGm9GX3FSc21bUWkSlp/Re
MeWXKhMhCtKdWPqQGYIW3skpUYzhgGTDdEaUvXFYK79Pud7mxS1761P1qt7s1Axo
61dvEM9gwtPuqcARkrwMroAqUhPmda71sndN3Z1CAh1khviyowwA2dZdxdT8ZqZy
01+dEnuNx6BtEq8aht+M2u01BOXiqj1U
]
2025-10-16 18:16:43,957 [http-nio-8888-exec-6] - [DEBUG] - com.cifrado.controller.CifradoController: 2.- Resultado cifrado AES ( Subcadena2 ) [opZPrEAYB3PyX5FnHC0U6d3eTGI6YLB/VYoh0hmjwed5V04El6HCv1g9FSwnraR1CLFmNhBHoM0zzRYskf+aiUiYbSbcElrNCy1qjKQkOHqEMTUXlznT9UyucfmVR0AbfdQaf3cfGDfcefqREwWKiZFS0Rwe5aevxYQeEAuJKT6vnwWvoKVToGMUtVgeH+SID/oIFD2nvUfedazZI6s7WCIE8J4zfGq19urDLqbw206xrfGZY6qrjhwmTZk/aTEoamrFjV4JVITMEuwmEysky2uhEwgIJyStDl1vBUKQfOBLzw18xDoF/KO5JymUpAEVceADvtkX4LhSDTjaZzLeYz77SYOGjjOQIKwHXE0dj+Pz555mhJqLCvSsn0Um9i6IeB4PAx3YafoXudyi5CtiOlCGL1Q1MaP3I8ci9L6C21ndeSBhb5k=]
2025-10-16 18:16:43,959 [http-nio-8888-exec-6] - [DEBUG] - com.cifrado.controller.CifradoController: 3.- Prueba decifrado AES (JSON Datos) [{"merchantId":"9709884","name":"ANGIE","password":"Mar?toN2!5","mode":"PRD","controlNumber":"REF1760638598","terminalId":"97098841","amount":"20.00","merchantName":"INSCRIP MARATHON MTY","merchantCity":"Monterrey","lang":"ES","customerRef1":"NA","customerRef2":"NA","customerRef3":"NA","customerRef4":"NA","customerRef5":"NA"}]
2025-10-16 18:16:43,959 [http-nio-8888-exec-6] - [DEBUG] - com.cifrado.controller.CifradoController: 4.- AES Llaves Generada [7762616c30716e76746b64306c667439::69646d6165756d39756d673530696738::XJ5icR*IeeylxAOi]
2025-10-16 18:16:43,959 [http-nio-8888-exec-6] - [DEBUG] - com.cifrado.controller.CifradoController: -
2025-10-16 18:16:43,961 [http-nio-8888-exec-6] - [DEBUG] - com.cifrado.utils.CifradoRSA: RSA Encrypt Provider: [SunJCE], [RSA/ECB/OAEPWITHSHA-256ANDMGF1PADDING]
2025-10-16 18:16:43,961 [http-nio-8888-exec-6] - [DEBUG] - com.cifrado.controller.CifradoController: 5.- Resultado cifrado de Llaves AES ( Subcadena1 ) [FpolPeIsK5FQANEFWJqENw9FMi97msQk0dbTql+tyu2/BoIwM+IEA83/MnlEn96hgHU8XxRV0ng5QTxUJ/SzaJhEFoGVMAPSvEusWFX0B86XZUsS7AZzSjRWh0v61s45BCVKdeJ8QUPs1cPLOLmNr3Ebz6c0ahUJjw10JDe8TJ05jYAIaxGX+KiqBAiawSJ5IWI17cV94G066qizU6XOfop4lhpxiQN6qseNQOHspNzT2GJlpa7SyXqJbRT4a5DOYVPzYcrTdxoheUCX0wAQggtplytsYk+EN30E79aR2uPvCIqNwatiDXPCi9FcuIkeViFBPjFI7pjwTZLOaSk+0Q==]
2025-10-16 18:16:43,961 [http-nio-8888-exec-6] - [DEBUG] - com.cifrado.controller.CifradoController: Cadena para enviar al Orquestador (Subcadena1:::Subcadena2) [FpolPeIsK5FQANEFWJqENw9FMi97msQk0dbTql+tyu2/BoIwM+IEA83/MnlEn96hgHU8XxRV0ng5QTxUJ/SzaJhEFoGVMAPSvEusWFX0B86XZUsS7AZzSjRWh0v61s45BCVKdeJ8QUPs1cPLOLmNr3Ebz6c0ahUJjw10JDe8TJ05jYAIaxGX+KiqBAiawSJ5IWI17cV94G066qizU6XOfop4lhpxiQN6qseNQOHspNzT2GJlpa7SyXqJbRT4a5DOYVPzYcrTdxoheUCX0wAQggtplytsYk+EN30E79aR2uPvCIqNwatiDXPCi9FcuIkeViFBPjFI7pjwTZLOaSk+0Q==:::opZPrEAYB3PyX5FnHC0U6d3eTGI6YLB/VYoh0hmjwed5V04El6HCv1g9FSwnraR1CLFmNhBHoM0zzRYskf+aiUiYbSbcElrNCy1qjKQkOHqEMTUXlznT9UyucfmVR0AbfdQaf3cfGDfcefqREwWKiZFS0Rwe5aevxYQeEAuJKT6vnwWvoKVToGMUtVgeH+SID/oIFD2nvUfedazZI6s7WCIE8J4zfGq19urDLqbw206xrfGZY6qrjhwmTZk/aTEoamrFjV4JVITMEuwmEysky2uhEwgIJyStDl1vBUKQfOBLzw18xDoF/KO5JymUpAEVceADvtkX4LhSDTjaZzLeYz77SYOGjjOQIKwHXE0dj+Pz555mhJqLCvSsn0Um9i6IeB4PAx3YafoXudyi5CtiOlCGL1Q1MaP3I8ci9L6C21ndeSBhb5k=]
2025-10-16 18:31:47,396 [http-nio-8888-exec-8] - [DEBUG] - com.cifrado.controller.CifradoController: Obteniendo Base64 (JSON Datos) [eyJtZXJjaGFudElkIjoiOTcwOTg4NCIsIm5hbWUiOiJBTkdJRSIsInBhc3N3b3JkIjoiTWFyP3RvTjIhNSIsIm1vZGUiOiJQUkQiLCJjb250cm9sTnVtYmVyIjoiUkVGMTc2MDYzOTUwMSIsInRlcm1pbmFsSWQiOiI5NzA5ODg0MSIsImFtb3VudCI6IjIwLjAwIiwibWVyY2hhbnROYW1lIjoiSU5TQ1JJUCBNQVJBVEhPTiBNVFkiLCJtZXJjaGFudENpdHkiOiJNb250ZXJyZXkiLCJsYW5nIjoiRVMiLCJjdXN0b21lclJlZjEiOiJOQSIsImN1c3RvbWVyUmVmMiI6Ik5BIiwiY3VzdG9tZXJSZWYzIjoiTkEiLCJjdXN0b21lclJlZjQiOiJOQSIsImN1c3RvbWVyUmVmNSI6Ik5BIn0=]... 
2025-10-16 18:31:47,398 [http-nio-8888-exec-8] - [DEBUG] - com.cifrado.controller.CifradoController: Resultado Decodificado de Base64 (JSON Datos) [{"merchantId":"9709884","name":"ANGIE","password":"Mar?toN2!5","mode":"PRD","controlNumber":"REF1760639501","terminalId":"97098841","amount":"20.00","merchantName":"INSCRIP MARATHON MTY","merchantCity":"Monterrey","lang":"ES","customerRef1":"NA","customerRef2":"NA","customerRef3":"NA","customerRef4":"NA","customerRef5":"NA"}]

2025-10-16 18:31:47,398 [http-nio-8888-exec-8] - [DEBUG] - com.cifrado.controller.CifradoController: 1.- Se cifrará JSON Datos con la llave pública -> [MIIGdDCCBVygAwIBAgITFwABTnQA5m6Udb1vlQABAAFOdDANBgkqhkiG9w0BAQsF
ADB5MQswCQYDVQQGEwJNWDEZMBcGCgmSJomT8ixkARkWCWdmYmFub3J0ZTEeMBwG
A1UEChMVU2VndXJpZGFkIGluZm9ybWF0aWNhMS8wLQYDVQQDEyZHcnVwbyBGaW5h
bmNpZXJvIEJhbm9ydGUgQ0EgRW50ZXJwcmlzZTAeFw0yNTAyMjEyMDAwMzVaFw0y
NjAyMjEyMDAwMzVaMIGoMQswCQYDVQQGEwJNWDELMAkGA1UECBMCREYxDzANBgNV
BAcTBk1leGljbzErMCkGA1UEChMiR3J1cG8gRmluYW5jaWVybyBCYW5vcnRlIFNB
QiBkZSBDVjEkMCIGA1UECxMbU2VndXJpZGFkIGRlIGxhIEluZm9ybWFjaW9uMSgw
JgYDVQQDEx9tdWx0aWNvYnJvc2tleS51bml4LmJhbm9ydGUuY29tMIIBIjANBgkq
hkiG9w0BAQEFAAOCAQ8AMIIBCgKCAQEAvp69wp3Z6ZXCHS+OQ2k8H26dWwuF/cSv
f37YT7NYfz4YvvXeahNv0CCStL5tATSoYj8MDKzNbwidXq/7e6JQpV1bcZjYXcjL
qli0GrOaJ00wUdR3zFS5F85Ks7ycTW6wNl/n7X8QXFVAh+HJyO7yrKdopcPyNLfJ
xBeXlvvuGfAKLJ7mCDdPN2UROg/35yLKil+VMB8OgF/KXEajmR0a+FiEe96+AkW3
oWMslb9fXm8+Kc4IqXKTZQg52CHPlbSnY8vaBqZd0sH5W60NILFFXgNFXsQAHhUt
njvcL+MY6NOHGeRYyrafP7Vwoog2kQiIUZafH/D1dWmB0r9qCv3VkQIDAQABo4IC
wzCCAr8wMgYDVR0RBCswKYIKbG54c2lzYTAxcIIbbG54c2lzYTAxcC51bml4LmJh
bm9ydGUuY29tMB0GA1UdDgQWBBR3lYj1Ic4B/MjmXVpM+fSAo3YxhTAfBgNVHSME
GDAWgBTQBPbPr59ruX3bXiA0YK0zB6UM0zCB7QYDVR0fBIHlMIHiMIHfoIHcoIHZ
hoHWbGRhcDovLy9DTj1HcnVwbyUyMEZpbmFuY2llcm8lMjBCYW5vcnRlJTIwQ0El
MjBFbnRlcnByaXNlLENOPUNBLUJBTk9SVEUtUkEsQ049Q0RQLENOPVB1YmxpYyUy
MEtleSUyMFNlcnZpY2VzLENOPVNlcnZpY2VzLENOPUNvbmZpZ3VyYXRpb24sREM9
Z2ZiYW5vcnRlP2NlcnRpZmljYXRlUmV2b2NhdGlvbkxpc3Q/YmFzZT9vYmplY3RD
bGFzcz1jUkxEaXN0cmlidXRpb25Qb2ludDCB2wYIKwYBBQUHAQEEgc4wgcswgcgG
CCsGAQUFBzAChoG7bGRhcDovLy9DTj1HcnVwbyUyMEZpbmFuY2llcm8lMjBCYW5v
cnRlJTIwQ0ElMjBFbnRlcnByaXNlLENOPUFJQSxDTj1QdWJsaWMlMjBLZXklMjBT
ZXJ2aWNlcyxDTj1TZXJ2aWNlcyxDTj1Db25maWd1cmF0aW9uLERDPWdmYmFub3J0
ZT9jQUNlcnRpZmljYXRlP2Jhc2U/b2JqZWN0Q2xhc3M9Y2VydGlmaWNhdGlvbkF1
dGhvcml0eTALBgNVHQ8EBAMCBaAwPAYJKwYBBAGCNxUHBC8wLQYlKwYBBAGCNxUI
g+v5BoK1j0eNkROCp58GguHddCKCxphfgtj9DwIBZAIBEjATBgNVHSUEDDAKBggr
BgEFBQcDATAbBgkrBgEEAYI3FQoEDjAMMAoGCCsGAQUFBwMBMA0GCSqGSIb3DQEB
CwUAA4IBAQBicj3sAYJZTkjNo+HcqhPGDSA8vJ3rTEvDDqcaNiWlfPFaXLNBxfk2
aKuV6Ibf1nSE9lfrpqVz+RwKCrtc4jXx9lO6BkgAuG7H2h6Tg53TbYPUJnr5ynwi
jRlOacsJFvj5c6MLoM0Jrdw9ozd8UVjbqHTWo9iClPOGm9GX3FSc21bUWkSlp/Re
MeWXKhMhCtKdWPqQGYIW3skpUYzhgGTDdEaUvXFYK79Pud7mxS1761P1qt7s1Axo
61dvEM9gwtPuqcARkrwMroAqUhPmda71sndN3Z1CAh1khviyowwA2dZdxdT8ZqZy
01+dEnuNx6BtEq8aht+M2u01BOXiqj1U
]
2025-10-16 18:31:47,402 [http-nio-8888-exec-8] - [DEBUG] - com.cifrado.controller.CifradoController: 2.- Resultado cifrado AES ( Subcadena2 ) [NoXYdiPkB62B+y2P5zZDKlDGAjwIiHCRyHjZCvBosnPvMW+ChjIrMJC4Omkly35WhdOpz2nZ+r4PlTVpB/rH2P7JiWus7LNc7fRtyvZR8DSUAFGOEnuS9aISE+M79lSgNoCKg2UR+ePx8vHeMZ+X2zcZKbLiloFY2nIAOau2b6YgLz/xqO+GHBYuly+q5kLIaeHWNKoJsocxNTpB5LscnkBTrG3JXuNgDCotx/9sP+SLqgkLrXWAy/cWE0vSxtrg5SulvuN7AhnT1RTxRDAFJZyVC3F5snw+G2y3QE3nzUYLxSU3gBvzt/xmARNVJFhiweZw+ejfNj+o+DgoMagIJ7ymI+ZarEwG4jwwgq0y4o2fuWwrs/vawJRFhvH5jEHGfQHrCpMbA0wKghcTydq8RZ21oK739Hgm7SF0ifTeySOTHSnb82A=]
2025-10-16 18:31:47,404 [http-nio-8888-exec-8] - [DEBUG] - com.cifrado.controller.CifradoController: 3.- Prueba decifrado AES (JSON Datos) [{"merchantId":"9709884","name":"ANGIE","password":"Mar?toN2!5","mode":"PRD","controlNumber":"REF1760639501","terminalId":"97098841","amount":"20.00","merchantName":"INSCRIP MARATHON MTY","merchantCity":"Monterrey","lang":"ES","customerRef1":"NA","customerRef2":"NA","customerRef3":"NA","customerRef4":"NA","customerRef5":"NA"}]
2025-10-16 18:31:47,405 [http-nio-8888-exec-8] - [DEBUG] - com.cifrado.controller.CifradoController: 4.- AES Llaves Generada [78317133713039773538747163663969::77696e61746166797038367739726873::UX?6Dvu/aHML*yPm]
2025-10-16 18:31:47,405 [http-nio-8888-exec-8] - [DEBUG] - com.cifrado.controller.CifradoController: -
2025-10-16 18:31:47,408 [http-nio-8888-exec-8] - [DEBUG] - com.cifrado.utils.CifradoRSA: RSA Encrypt Provider: [SunJCE], [RSA/ECB/OAEPWITHSHA-256ANDMGF1PADDING]
2025-10-16 18:31:47,410 [http-nio-8888-exec-8] - [DEBUG] - com.cifrado.controller.CifradoController: 5.- Resultado cifrado de Llaves AES ( Subcadena1 ) [Yaqtt6U9YdLJ9Cyg9Ux3EnLKAe+wuHpkTHJdqd6lnaAQS4xHoaeTQSSiwsvRsZVbQPO90lg3h3ID6NjUXrXV/fYlvAByeF1xBqm8j90f9+JUhVWtJNMhpoN1iv0pHYQxuLFdYRGRZDJe8tlaq9maZvrs/9nBVv13jfz3dXNxjX1JX0kGCO9rqdxjSh6YQw2NphAJwqe6n40z8SbIgSeKULoS0GtdnsBAtwWGMFc7OVrThqBQzIaef1tzabQM5NjBvxk+lAGF3Ynw4wogtrgLwYnAhf2bYYvUXNs6cG+g526SDgvdzqp7NoCJxActqE+uaCf+dVwFFauNm92SbORmag==]
2025-10-16 18:31:47,411 [http-nio-8888-exec-8] - [DEBUG] - com.cifrado.controller.CifradoController: Cadena para enviar al Orquestador (Subcadena1:::Subcadena2) [Yaqtt6U9YdLJ9Cyg9Ux3EnLKAe+wuHpkTHJdqd6lnaAQS4xHoaeTQSSiwsvRsZVbQPO90lg3h3ID6NjUXrXV/fYlvAByeF1xBqm8j90f9+JUhVWtJNMhpoN1iv0pHYQxuLFdYRGRZDJe8tlaq9maZvrs/9nBVv13jfz3dXNxjX1JX0kGCO9rqdxjSh6YQw2NphAJwqe6n40z8SbIgSeKULoS0GtdnsBAtwWGMFc7OVrThqBQzIaef1tzabQM5NjBvxk+lAGF3Ynw4wogtrgLwYnAhf2bYYvUXNs6cG+g526SDgvdzqp7NoCJxActqE+uaCf+dVwFFauNm92SbORmag==:::NoXYdiPkB62B+y2P5zZDKlDGAjwIiHCRyHjZCvBosnPvMW+ChjIrMJC4Omkly35WhdOpz2nZ+r4PlTVpB/rH2P7JiWus7LNc7fRtyvZR8DSUAFGOEnuS9aISE+M79lSgNoCKg2UR+ePx8vHeMZ+X2zcZKbLiloFY2nIAOau2b6YgLz/xqO+GHBYuly+q5kLIaeHWNKoJsocxNTpB5LscnkBTrG3JXuNgDCotx/9sP+SLqgkLrXWAy/cWE0vSxtrg5SulvuN7AhnT1RTxRDAFJZyVC3F5snw+G2y3QE3nzUYLxSU3gBvzt/xmARNVJFhiweZw+ejfNj+o+DgoMagIJ7ymI+ZarEwG4jwwgq0y4o2fuWwrs/vawJRFhvH5jEHGfQHrCpMbA0wKghcTydq8RZ21oK739Hgm7SF0ifTeySOTHSnb82A=]
2025-10-16 20:02:35,871 [http-nio-8888-exec-10] - [DEBUG] - com.cifrado.controller.CifradoController: Obteniendo Base64 (JSON Datos) [eyJtZXJjaGFudElkIjoiOTcwOTg4NCIsIm5hbWUiOiJBTkdJRSIsInBhc3N3b3JkIjoiTWFyP3RvTjIhNSIsIm1vZGUiOiJQUkQiLCJjb250cm9sTnVtYmVyIjoiUkVGMTc2MDY0NDk1MiIsInRlcm1pbmFsSWQiOiI5NzA5ODg0MSIsImFtb3VudCI6IjIwLjAwIiwibWVyY2hhbnROYW1lIjoiSU5TQ1JJUCBNQVJBVEhPTiBNVFkiLCJtZXJjaGFudENpdHkiOiJNb250ZXJyZXkiLCJsYW5nIjoiRVMiLCJjdXN0b21lclJlZjEiOiJOQSIsImN1c3RvbWVyUmVmMiI6Ik5BIiwiY3VzdG9tZXJSZWYzIjoiTkEiLCJjdXN0b21lclJlZjQiOiJOQSIsImN1c3RvbWVyUmVmNSI6Ik5BIn0=]... 
2025-10-16 20:02:35,872 [http-nio-8888-exec-10] - [DEBUG] - com.cifrado.controller.CifradoController: Resultado Decodificado de Base64 (JSON Datos) [{"merchantId":"9709884","name":"ANGIE","password":"Mar?toN2!5","mode":"PRD","controlNumber":"REF1760644952","terminalId":"97098841","amount":"20.00","merchantName":"INSCRIP MARATHON MTY","merchantCity":"Monterrey","lang":"ES","customerRef1":"NA","customerRef2":"NA","customerRef3":"NA","customerRef4":"NA","customerRef5":"NA"}]

2025-10-16 20:02:35,872 [http-nio-8888-exec-10] - [DEBUG] - com.cifrado.controller.CifradoController: 1.- Se cifrará JSON Datos con la llave pública -> [MIIGdDCCBVygAwIBAgITFwABTnQA5m6Udb1vlQABAAFOdDANBgkqhkiG9w0BAQsF
ADB5MQswCQYDVQQGEwJNWDEZMBcGCgmSJomT8ixkARkWCWdmYmFub3J0ZTEeMBwG
A1UEChMVU2VndXJpZGFkIGluZm9ybWF0aWNhMS8wLQYDVQQDEyZHcnVwbyBGaW5h
bmNpZXJvIEJhbm9ydGUgQ0EgRW50ZXJwcmlzZTAeFw0yNTAyMjEyMDAwMzVaFw0y
NjAyMjEyMDAwMzVaMIGoMQswCQYDVQQGEwJNWDELMAkGA1UECBMCREYxDzANBgNV
BAcTBk1leGljbzErMCkGA1UEChMiR3J1cG8gRmluYW5jaWVybyBCYW5vcnRlIFNB
QiBkZSBDVjEkMCIGA1UECxMbU2VndXJpZGFkIGRlIGxhIEluZm9ybWFjaW9uMSgw
JgYDVQQDEx9tdWx0aWNvYnJvc2tleS51bml4LmJhbm9ydGUuY29tMIIBIjANBgkq
hkiG9w0BAQEFAAOCAQ8AMIIBCgKCAQEAvp69wp3Z6ZXCHS+OQ2k8H26dWwuF/cSv
f37YT7NYfz4YvvXeahNv0CCStL5tATSoYj8MDKzNbwidXq/7e6JQpV1bcZjYXcjL
qli0GrOaJ00wUdR3zFS5F85Ks7ycTW6wNl/n7X8QXFVAh+HJyO7yrKdopcPyNLfJ
xBeXlvvuGfAKLJ7mCDdPN2UROg/35yLKil+VMB8OgF/KXEajmR0a+FiEe96+AkW3
oWMslb9fXm8+Kc4IqXKTZQg52CHPlbSnY8vaBqZd0sH5W60NILFFXgNFXsQAHhUt
njvcL+MY6NOHGeRYyrafP7Vwoog2kQiIUZafH/D1dWmB0r9qCv3VkQIDAQABo4IC
wzCCAr8wMgYDVR0RBCswKYIKbG54c2lzYTAxcIIbbG54c2lzYTAxcC51bml4LmJh
bm9ydGUuY29tMB0GA1UdDgQWBBR3lYj1Ic4B/MjmXVpM+fSAo3YxhTAfBgNVHSME
GDAWgBTQBPbPr59ruX3bXiA0YK0zB6UM0zCB7QYDVR0fBIHlMIHiMIHfoIHcoIHZ
hoHWbGRhcDovLy9DTj1HcnVwbyUyMEZpbmFuY2llcm8lMjBCYW5vcnRlJTIwQ0El
MjBFbnRlcnByaXNlLENOPUNBLUJBTk9SVEUtUkEsQ049Q0RQLENOPVB1YmxpYyUy
MEtleSUyMFNlcnZpY2VzLENOPVNlcnZpY2VzLENOPUNvbmZpZ3VyYXRpb24sREM9
Z2ZiYW5vcnRlP2NlcnRpZmljYXRlUmV2b2NhdGlvbkxpc3Q/YmFzZT9vYmplY3RD
bGFzcz1jUkxEaXN0cmlidXRpb25Qb2ludDCB2wYIKwYBBQUHAQEEgc4wgcswgcgG
CCsGAQUFBzAChoG7bGRhcDovLy9DTj1HcnVwbyUyMEZpbmFuY2llcm8lMjBCYW5v
cnRlJTIwQ0ElMjBFbnRlcnByaXNlLENOPUFJQSxDTj1QdWJsaWMlMjBLZXklMjBT
ZXJ2aWNlcyxDTj1TZXJ2aWNlcyxDTj1Db25maWd1cmF0aW9uLERDPWdmYmFub3J0
ZT9jQUNlcnRpZmljYXRlP2Jhc2U/b2JqZWN0Q2xhc3M9Y2VydGlmaWNhdGlvbkF1
dGhvcml0eTALBgNVHQ8EBAMCBaAwPAYJKwYBBAGCNxUHBC8wLQYlKwYBBAGCNxUI
g+v5BoK1j0eNkROCp58GguHddCKCxphfgtj9DwIBZAIBEjATBgNVHSUEDDAKBggr
BgEFBQcDATAbBgkrBgEEAYI3FQoEDjAMMAoGCCsGAQUFBwMBMA0GCSqGSIb3DQEB
CwUAA4IBAQBicj3sAYJZTkjNo+HcqhPGDSA8vJ3rTEvDDqcaNiWlfPFaXLNBxfk2
aKuV6Ibf1nSE9lfrpqVz+RwKCrtc4jXx9lO6BkgAuG7H2h6Tg53TbYPUJnr5ynwi
jRlOacsJFvj5c6MLoM0Jrdw9ozd8UVjbqHTWo9iClPOGm9GX3FSc21bUWkSlp/Re
MeWXKhMhCtKdWPqQGYIW3skpUYzhgGTDdEaUvXFYK79Pud7mxS1761P1qt7s1Axo
61dvEM9gwtPuqcARkrwMroAqUhPmda71sndN3Z1CAh1khviyowwA2dZdxdT8ZqZy
01+dEnuNx6BtEq8aht+M2u01BOXiqj1U
]
2025-10-16 20:02:35,875 [http-nio-8888-exec-10] - [DEBUG] - com.cifrado.controller.CifradoController: 2.- Resultado cifrado AES ( Subcadena2 ) [o/QQ58DyYOJF/av4uLLxgM7VTYD6Xn3IE5ThM9hCZIhGGnUrLPy87Vh5Y4zM7D/vtQPz4xndJBWOS6EVEbeAUOH33yXyNlqr6bAgWujFiCLF3QMBcBC1uwpWn8o8FjBmiPoDgx5rzZkGQo/xkiKaprau7/uTe4P7tunaw4XZDIdWNIYy5kAuNL7pJ6bywrY6SBm1YVPA24KLriz3qVLK+2ya+LEBR8dgLUCTJIYhuVkkf3TO7CU3RZY0IVRg3Wc4q8YLWLtthh2DMD3YRPtOQAKMHDVyS2TcLVeNn2V7rTRdsYA8p5XKBWarLzg3OZNYvySaVEHUDRsXRDmkxDO1bx/mOPKs3lcNg7SNfcXA2c6uObXTJ2A2vKX6VgjmJdDyOV/xXQTc4o+gAJWE7EU/bTxl4xE0hqs9iMIfoZv0UBCvda23Q9A=]
2025-10-16 20:02:35,878 [http-nio-8888-exec-10] - [DEBUG] - com.cifrado.controller.CifradoController: 3.- Prueba decifrado AES (JSON Datos) [{"merchantId":"9709884","name":"ANGIE","password":"Mar?toN2!5","mode":"PRD","controlNumber":"REF1760644952","terminalId":"97098841","amount":"20.00","merchantName":"INSCRIP MARATHON MTY","merchantCity":"Monterrey","lang":"ES","customerRef1":"NA","customerRef2":"NA","customerRef3":"NA","customerRef4":"NA","customerRef5":"NA"}]
2025-10-16 20:02:35,878 [http-nio-8888-exec-10] - [DEBUG] - com.cifrado.controller.CifradoController: 4.- AES Llaves Generada [6534693437346f36636c78647a356264::30617938757a337a3832387a786d7a6c::7bXKc8iwzpQkz1zQ]
2025-10-16 20:02:35,878 [http-nio-8888-exec-10] - [DEBUG] - com.cifrado.controller.CifradoController: -
2025-10-16 20:02:35,882 [http-nio-8888-exec-10] - [DEBUG] - com.cifrado.utils.CifradoRSA: RSA Encrypt Provider: [SunJCE], [RSA/ECB/OAEPWITHSHA-256ANDMGF1PADDING]
2025-10-16 20:02:35,883 [http-nio-8888-exec-10] - [DEBUG] - com.cifrado.controller.CifradoController: 5.- Resultado cifrado de Llaves AES ( Subcadena1 ) [XppSvTEs3Ssd7BKl1zIpGemt6pUSaQulovZfxdok1Bvm8lmDr/VPKJ4Kj/BnxkAXSNBq4kbMWJln7ikx/QS86T88/jl5YHy5Cfc+NiDqo6u7GjSrMYDBZcFafOU3/kQEHG10uYvuP5xu62bLmsk2J14F77DqzSiq678cG4gwiFutsRQer/cePDo+iOHg11SXH87AeZQeFdctEqK1DtK/r1YdZw36gQVj6uP4uXApG0l8pQXnBZ7sYuOKH71ucbmeHOTmhHVF5izqiXKTPQ933BBFAB0/2EcXJCbjyJVSRy8tGS2S/QLPdwnDilldXNm3kabVXwrGqfJEMvPKbRIujQ==]
2025-10-16 20:02:35,883 [http-nio-8888-exec-10] - [DEBUG] - com.cifrado.controller.CifradoController: Cadena para enviar al Orquestador (Subcadena1:::Subcadena2) [XppSvTEs3Ssd7BKl1zIpGemt6pUSaQulovZfxdok1Bvm8lmDr/VPKJ4Kj/BnxkAXSNBq4kbMWJln7ikx/QS86T88/jl5YHy5Cfc+NiDqo6u7GjSrMYDBZcFafOU3/kQEHG10uYvuP5xu62bLmsk2J14F77DqzSiq678cG4gwiFutsRQer/cePDo+iOHg11SXH87AeZQeFdctEqK1DtK/r1YdZw36gQVj6uP4uXApG0l8pQXnBZ7sYuOKH71ucbmeHOTmhHVF5izqiXKTPQ933BBFAB0/2EcXJCbjyJVSRy8tGS2S/QLPdwnDilldXNm3kabVXwrGqfJEMvPKbRIujQ==:::o/QQ58DyYOJF/av4uLLxgM7VTYD6Xn3IE5ThM9hCZIhGGnUrLPy87Vh5Y4zM7D/vtQPz4xndJBWOS6EVEbeAUOH33yXyNlqr6bAgWujFiCLF3QMBcBC1uwpWn8o8FjBmiPoDgx5rzZkGQo/xkiKaprau7/uTe4P7tunaw4XZDIdWNIYy5kAuNL7pJ6bywrY6SBm1YVPA24KLriz3qVLK+2ya+LEBR8dgLUCTJIYhuVkkf3TO7CU3RZY0IVRg3Wc4q8YLWLtthh2DMD3YRPtOQAKMHDVyS2TcLVeNn2V7rTRdsYA8p5XKBWarLzg3OZNYvySaVEHUDRsXRDmkxDO1bx/mOPKs3lcNg7SNfcXA2c6uObXTJ2A2vKX6VgjmJdDyOV/xXQTc4o+gAJWE7EU/bTxl4xE0hqs9iMIfoZv0UBCvda23Q9A=]
2025-10-17 00:36:06,488 [http-nio-8888-exec-2] - [DEBUG] - com.cifrado.controller.CifradoController: Obteniendo Base64 (JSON Datos) [eyJtZXJjaGFudElkIjoiOTcwOTg4NCIsIm5hbWUiOiJBTkdJRSIsInBhc3N3b3JkIjoiTWFyP3RvTjIhNSIsIm1vZGUiOiJQUkQiLCJjb250cm9sTnVtYmVyIjoiUkVGMTc2MDY2MTM2NCIsInRlcm1pbmFsSWQiOiI5NzA5ODg0MSIsImFtb3VudCI6IjIwLjAwIiwibWVyY2hhbnROYW1lIjoiSU5TQ1JJUCBNQVJBVEhPTiBNVFkiLCJtZXJjaGFudENpdHkiOiJNb250ZXJyZXkiLCJsYW5nIjoiRVMiLCJjdXN0b21lclJlZjEiOiJOQSIsImN1c3RvbWVyUmVmMiI6Ik5BIiwiY3VzdG9tZXJSZWYzIjoiTkEiLCJjdXN0b21lclJlZjQiOiJOQSIsImN1c3RvbWVyUmVmNSI6Ik5BIn0=]... 
2025-10-17 00:36:06,491 [http-nio-8888-exec-2] - [DEBUG] - com.cifrado.controller.CifradoController: Resultado Decodificado de Base64 (JSON Datos) [{"merchantId":"9709884","name":"ANGIE","password":"Mar?toN2!5","mode":"PRD","controlNumber":"REF1760661364","terminalId":"97098841","amount":"20.00","merchantName":"INSCRIP MARATHON MTY","merchantCity":"Monterrey","lang":"ES","customerRef1":"NA","customerRef2":"NA","customerRef3":"NA","customerRef4":"NA","customerRef5":"NA"}]

2025-10-17 00:36:06,491 [http-nio-8888-exec-2] - [DEBUG] - com.cifrado.controller.CifradoController: 1.- Se cifrará JSON Datos con la llave pública -> [MIIGdDCCBVygAwIBAgITFwABTnQA5m6Udb1vlQABAAFOdDANBgkqhkiG9w0BAQsF
ADB5MQswCQYDVQQGEwJNWDEZMBcGCgmSJomT8ixkARkWCWdmYmFub3J0ZTEeMBwG
A1UEChMVU2VndXJpZGFkIGluZm9ybWF0aWNhMS8wLQYDVQQDEyZHcnVwbyBGaW5h
bmNpZXJvIEJhbm9ydGUgQ0EgRW50ZXJwcmlzZTAeFw0yNTAyMjEyMDAwMzVaFw0y
NjAyMjEyMDAwMzVaMIGoMQswCQYDVQQGEwJNWDELMAkGA1UECBMCREYxDzANBgNV
BAcTBk1leGljbzErMCkGA1UEChMiR3J1cG8gRmluYW5jaWVybyBCYW5vcnRlIFNB
QiBkZSBDVjEkMCIGA1UECxMbU2VndXJpZGFkIGRlIGxhIEluZm9ybWFjaW9uMSgw
JgYDVQQDEx9tdWx0aWNvYnJvc2tleS51bml4LmJhbm9ydGUuY29tMIIBIjANBgkq
hkiG9w0BAQEFAAOCAQ8AMIIBCgKCAQEAvp69wp3Z6ZXCHS+OQ2k8H26dWwuF/cSv
f37YT7NYfz4YvvXeahNv0CCStL5tATSoYj8MDKzNbwidXq/7e6JQpV1bcZjYXcjL
qli0GrOaJ00wUdR3zFS5F85Ks7ycTW6wNl/n7X8QXFVAh+HJyO7yrKdopcPyNLfJ
xBeXlvvuGfAKLJ7mCDdPN2UROg/35yLKil+VMB8OgF/KXEajmR0a+FiEe96+AkW3
oWMslb9fXm8+Kc4IqXKTZQg52CHPlbSnY8vaBqZd0sH5W60NILFFXgNFXsQAHhUt
njvcL+MY6NOHGeRYyrafP7Vwoog2kQiIUZafH/D1dWmB0r9qCv3VkQIDAQABo4IC
wzCCAr8wMgYDVR0RBCswKYIKbG54c2lzYTAxcIIbbG54c2lzYTAxcC51bml4LmJh
bm9ydGUuY29tMB0GA1UdDgQWBBR3lYj1Ic4B/MjmXVpM+fSAo3YxhTAfBgNVHSME
GDAWgBTQBPbPr59ruX3bXiA0YK0zB6UM0zCB7QYDVR0fBIHlMIHiMIHfoIHcoIHZ
hoHWbGRhcDovLy9DTj1HcnVwbyUyMEZpbmFuY2llcm8lMjBCYW5vcnRlJTIwQ0El
MjBFbnRlcnByaXNlLENOPUNBLUJBTk9SVEUtUkEsQ049Q0RQLENOPVB1YmxpYyUy
MEtleSUyMFNlcnZpY2VzLENOPVNlcnZpY2VzLENOPUNvbmZpZ3VyYXRpb24sREM9
Z2ZiYW5vcnRlP2NlcnRpZmljYXRlUmV2b2NhdGlvbkxpc3Q/YmFzZT9vYmplY3RD
bGFzcz1jUkxEaXN0cmlidXRpb25Qb2ludDCB2wYIKwYBBQUHAQEEgc4wgcswgcgG
CCsGAQUFBzAChoG7bGRhcDovLy9DTj1HcnVwbyUyMEZpbmFuY2llcm8lMjBCYW5v
cnRlJTIwQ0ElMjBFbnRlcnByaXNlLENOPUFJQSxDTj1QdWJsaWMlMjBLZXklMjBT
ZXJ2aWNlcyxDTj1TZXJ2aWNlcyxDTj1Db25maWd1cmF0aW9uLERDPWdmYmFub3J0
ZT9jQUNlcnRpZmljYXRlP2Jhc2U/b2JqZWN0Q2xhc3M9Y2VydGlmaWNhdGlvbkF1
dGhvcml0eTALBgNVHQ8EBAMCBaAwPAYJKwYBBAGCNxUHBC8wLQYlKwYBBAGCNxUI
g+v5BoK1j0eNkROCp58GguHddCKCxphfgtj9DwIBZAIBEjATBgNVHSUEDDAKBggr
BgEFBQcDATAbBgkrBgEEAYI3FQoEDjAMMAoGCCsGAQUFBwMBMA0GCSqGSIb3DQEB
CwUAA4IBAQBicj3sAYJZTkjNo+HcqhPGDSA8vJ3rTEvDDqcaNiWlfPFaXLNBxfk2
aKuV6Ibf1nSE9lfrpqVz+RwKCrtc4jXx9lO6BkgAuG7H2h6Tg53TbYPUJnr5ynwi
jRlOacsJFvj5c6MLoM0Jrdw9ozd8UVjbqHTWo9iClPOGm9GX3FSc21bUWkSlp/Re
MeWXKhMhCtKdWPqQGYIW3skpUYzhgGTDdEaUvXFYK79Pud7mxS1761P1qt7s1Axo
61dvEM9gwtPuqcARkrwMroAqUhPmda71sndN3Z1CAh1khviyowwA2dZdxdT8ZqZy
01+dEnuNx6BtEq8aht+M2u01BOXiqj1U
]
2025-10-17 00:36:06,494 [http-nio-8888-exec-2] - [DEBUG] - com.cifrado.controller.CifradoController: 2.- Resultado cifrado AES ( Subcadena2 ) [9hKiTiEFcd7Yh9RIZo7dsaeXqjDtZdvULD+jx5NI1AQ4W5NA0kSn/Dzs20b0/jxPfxzoxK7981nH3mcSnEHGFrxGL8tlzzPnIeJlO68nYd5DzrJXzYu7xsDfiVcZJnQwGYCleapBIlxWO3g6ne+aqmLVKAv+/PsBXYYQ13RUYH2jPNCE6iWr1MKJHFh6lZoPFkAum5ebAwg+yntbTpzGXrCkBYVeG7wNeeBZz5nbsY48jsxBdtk4NbkAArhDDFkQ6+9NxEoHJiBtS6PscaEcfCcuGAh6twzYlyT3l6x9JahBB04xlxKWzeHvxE7CoR4kT1ydk6PNmHJer0un14MHDiKQvo6lOhJfn7VE6RJeD9rwcP4PID8KY/ws6toxVcZWnSo8HVFNFDNWa1O4Uga3QMTABmci6utTr/uiKDJ6nbmDdAqRtgw=]
2025-10-17 00:36:06,495 [http-nio-8888-exec-2] - [DEBUG] - com.cifrado.controller.CifradoController: 3.- Prueba decifrado AES (JSON Datos) [{"merchantId":"9709884","name":"ANGIE","password":"Mar?toN2!5","mode":"PRD","controlNumber":"REF1760661364","terminalId":"97098841","amount":"20.00","merchantName":"INSCRIP MARATHON MTY","merchantCity":"Monterrey","lang":"ES","customerRef1":"NA","customerRef2":"NA","customerRef3":"NA","customerRef4":"NA","customerRef5":"NA"}]
2025-10-17 00:36:06,496 [http-nio-8888-exec-2] - [DEBUG] - com.cifrado.controller.CifradoController: 4.- AES Llaves Generada [773138656268736f336e76736e683538::387a336e657164743936686571797537::K)9C(%3LD%EZqM=P]
2025-10-17 00:36:06,496 [http-nio-8888-exec-2] - [DEBUG] - com.cifrado.controller.CifradoController: -
2025-10-17 00:36:06,498 [http-nio-8888-exec-2] - [DEBUG] - com.cifrado.utils.CifradoRSA: RSA Encrypt Provider: [SunJCE], [RSA/ECB/OAEPWITHSHA-256ANDMGF1PADDING]
2025-10-17 00:36:06,498 [http-nio-8888-exec-2] - [DEBUG] - com.cifrado.controller.CifradoController: 5.- Resultado cifrado de Llaves AES ( Subcadena1 ) [KLQhNq/0RBEg/o8dywfYu12r2WdaT7+kJ++rKWYWpyA9RElav/BrCt4jOWnv1zW74CqIL+cAle+2U6EJLE0tphcsefu0Y+I5bEDCThBBixvnGptFUf6VU8A7i6hvpxe3oqnlEauWqd0qp0Sv5qQAB/RYzHkHbpSkbupamhjit7BJvrLLglssRH+CKa+f4Zv9hjQHMVALItBN6fJolktqVoIa/6zz9AFAOV3fjmyVIqNjap9LZum3XDHcjP5/OWIQH0xOZ58iJ2ZcoA6OoastTbh6wjncOtc3YhWBf5cfdgSd05f9D+6K0DdnhBXoSoOYECG2dAJlMn4viJFmeWUs7Q==]
2025-10-17 00:36:06,498 [http-nio-8888-exec-2] - [DEBUG] - com.cifrado.controller.CifradoController: Cadena para enviar al Orquestador (Subcadena1:::Subcadena2) [KLQhNq/0RBEg/o8dywfYu12r2WdaT7+kJ++rKWYWpyA9RElav/BrCt4jOWnv1zW74CqIL+cAle+2U6EJLE0tphcsefu0Y+I5bEDCThBBixvnGptFUf6VU8A7i6hvpxe3oqnlEauWqd0qp0Sv5qQAB/RYzHkHbpSkbupamhjit7BJvrLLglssRH+CKa+f4Zv9hjQHMVALItBN6fJolktqVoIa/6zz9AFAOV3fjmyVIqNjap9LZum3XDHcjP5/OWIQH0xOZ58iJ2ZcoA6OoastTbh6wjncOtc3YhWBf5cfdgSd05f9D+6K0DdnhBXoSoOYECG2dAJlMn4viJFmeWUs7Q==:::9hKiTiEFcd7Yh9RIZo7dsaeXqjDtZdvULD+jx5NI1AQ4W5NA0kSn/Dzs20b0/jxPfxzoxK7981nH3mcSnEHGFrxGL8tlzzPnIeJlO68nYd5DzrJXzYu7xsDfiVcZJnQwGYCleapBIlxWO3g6ne+aqmLVKAv+/PsBXYYQ13RUYH2jPNCE6iWr1MKJHFh6lZoPFkAum5ebAwg+yntbTpzGXrCkBYVeG7wNeeBZz5nbsY48jsxBdtk4NbkAArhDDFkQ6+9NxEoHJiBtS6PscaEcfCcuGAh6twzYlyT3l6x9JahBB04xlxKWzeHvxE7CoR4kT1ydk6PNmHJer0un14MHDiKQvo6lOhJfn7VE6RJeD9rwcP4PID8KY/ws6toxVcZWnSo8HVFNFDNWa1O4Uga3QMTABmci6utTr/uiKDJ6nbmDdAqRtgw=]
2025-10-17 16:08:02,303 [http-nio-8888-exec-4] - [DEBUG] - com.cifrado.controller.CifradoController: Obteniendo Base64 (JSON Datos) [eyJtZXJjaGFudElkIjoiOTcwOTg4NCIsIm5hbWUiOiJBTkdJRSIsInBhc3N3b3JkIjoiTWFyP3RvTjIhNSIsIm1vZGUiOiJQUkQiLCJjb250cm9sTnVtYmVyIjoiUkVGMTc2MDcxNzI3OSIsInRlcm1pbmFsSWQiOiI5NzA5ODg0MSIsImFtb3VudCI6IjIwLjAwIiwibWVyY2hhbnROYW1lIjoiSU5TQ1JJUCBNQVJBVEhPTiBNVFkiLCJtZXJjaGFudENpdHkiOiJNb250ZXJyZXkiLCJsYW5nIjoiRVMiLCJjdXN0b21lclJlZjEiOiJOQSIsImN1c3RvbWVyUmVmMiI6Ik5BIiwiY3VzdG9tZXJSZWYzIjoiTkEiLCJjdXN0b21lclJlZjQiOiJOQSIsImN1c3RvbWVyUmVmNSI6Ik5BIn0=]... 
2025-10-17 16:08:02,305 [http-nio-8888-exec-4] - [DEBUG] - com.cifrado.controller.CifradoController: Resultado Decodificado de Base64 (JSON Datos) [{"merchantId":"9709884","name":"ANGIE","password":"Mar?toN2!5","mode":"PRD","controlNumber":"REF1760717279","terminalId":"97098841","amount":"20.00","merchantName":"INSCRIP MARATHON MTY","merchantCity":"Monterrey","lang":"ES","customerRef1":"NA","customerRef2":"NA","customerRef3":"NA","customerRef4":"NA","customerRef5":"NA"}]

2025-10-17 16:08:02,306 [http-nio-8888-exec-4] - [DEBUG] - com.cifrado.controller.CifradoController: 1.- Se cifrará JSON Datos con la llave pública -> [MIIGdDCCBVygAwIBAgITFwABTnQA5m6Udb1vlQABAAFOdDANBgkqhkiG9w0BAQsF
ADB5MQswCQYDVQQGEwJNWDEZMBcGCgmSJomT8ixkARkWCWdmYmFub3J0ZTEeMBwG
A1UEChMVU2VndXJpZGFkIGluZm9ybWF0aWNhMS8wLQYDVQQDEyZHcnVwbyBGaW5h
bmNpZXJvIEJhbm9ydGUgQ0EgRW50ZXJwcmlzZTAeFw0yNTAyMjEyMDAwMzVaFw0y
NjAyMjEyMDAwMzVaMIGoMQswCQYDVQQGEwJNWDELMAkGA1UECBMCREYxDzANBgNV
BAcTBk1leGljbzErMCkGA1UEChMiR3J1cG8gRmluYW5jaWVybyBCYW5vcnRlIFNB
QiBkZSBDVjEkMCIGA1UECxMbU2VndXJpZGFkIGRlIGxhIEluZm9ybWFjaW9uMSgw
JgYDVQQDEx9tdWx0aWNvYnJvc2tleS51bml4LmJhbm9ydGUuY29tMIIBIjANBgkq
hkiG9w0BAQEFAAOCAQ8AMIIBCgKCAQEAvp69wp3Z6ZXCHS+OQ2k8H26dWwuF/cSv
f37YT7NYfz4YvvXeahNv0CCStL5tATSoYj8MDKzNbwidXq/7e6JQpV1bcZjYXcjL
qli0GrOaJ00wUdR3zFS5F85Ks7ycTW6wNl/n7X8QXFVAh+HJyO7yrKdopcPyNLfJ
xBeXlvvuGfAKLJ7mCDdPN2UROg/35yLKil+VMB8OgF/KXEajmR0a+FiEe96+AkW3
oWMslb9fXm8+Kc4IqXKTZQg52CHPlbSnY8vaBqZd0sH5W60NILFFXgNFXsQAHhUt
njvcL+MY6NOHGeRYyrafP7Vwoog2kQiIUZafH/D1dWmB0r9qCv3VkQIDAQABo4IC
wzCCAr8wMgYDVR0RBCswKYIKbG54c2lzYTAxcIIbbG54c2lzYTAxcC51bml4LmJh
bm9ydGUuY29tMB0GA1UdDgQWBBR3lYj1Ic4B/MjmXVpM+fSAo3YxhTAfBgNVHSME
GDAWgBTQBPbPr59ruX3bXiA0YK0zB6UM0zCB7QYDVR0fBIHlMIHiMIHfoIHcoIHZ
hoHWbGRhcDovLy9DTj1HcnVwbyUyMEZpbmFuY2llcm8lMjBCYW5vcnRlJTIwQ0El
MjBFbnRlcnByaXNlLENOPUNBLUJBTk9SVEUtUkEsQ049Q0RQLENOPVB1YmxpYyUy
MEtleSUyMFNlcnZpY2VzLENOPVNlcnZpY2VzLENOPUNvbmZpZ3VyYXRpb24sREM9
Z2ZiYW5vcnRlP2NlcnRpZmljYXRlUmV2b2NhdGlvbkxpc3Q/YmFzZT9vYmplY3RD
bGFzcz1jUkxEaXN0cmlidXRpb25Qb2ludDCB2wYIKwYBBQUHAQEEgc4wgcswgcgG
CCsGAQUFBzAChoG7bGRhcDovLy9DTj1HcnVwbyUyMEZpbmFuY2llcm8lMjBCYW5v
cnRlJTIwQ0ElMjBFbnRlcnByaXNlLENOPUFJQSxDTj1QdWJsaWMlMjBLZXklMjBT
ZXJ2aWNlcyxDTj1TZXJ2aWNlcyxDTj1Db25maWd1cmF0aW9uLERDPWdmYmFub3J0
ZT9jQUNlcnRpZmljYXRlP2Jhc2U/b2JqZWN0Q2xhc3M9Y2VydGlmaWNhdGlvbkF1
dGhvcml0eTALBgNVHQ8EBAMCBaAwPAYJKwYBBAGCNxUHBC8wLQYlKwYBBAGCNxUI
g+v5BoK1j0eNkROCp58GguHddCKCxphfgtj9DwIBZAIBEjATBgNVHSUEDDAKBggr
BgEFBQcDATAbBgkrBgEEAYI3FQoEDjAMMAoGCCsGAQUFBwMBMA0GCSqGSIb3DQEB
CwUAA4IBAQBicj3sAYJZTkjNo+HcqhPGDSA8vJ3rTEvDDqcaNiWlfPFaXLNBxfk2
aKuV6Ibf1nSE9lfrpqVz+RwKCrtc4jXx9lO6BkgAuG7H2h6Tg53TbYPUJnr5ynwi
jRlOacsJFvj5c6MLoM0Jrdw9ozd8UVjbqHTWo9iClPOGm9GX3FSc21bUWkSlp/Re
MeWXKhMhCtKdWPqQGYIW3skpUYzhgGTDdEaUvXFYK79Pud7mxS1761P1qt7s1Axo
61dvEM9gwtPuqcARkrwMroAqUhPmda71sndN3Z1CAh1khviyowwA2dZdxdT8ZqZy
01+dEnuNx6BtEq8aht+M2u01BOXiqj1U
]
2025-10-17 16:08:02,310 [http-nio-8888-exec-4] - [DEBUG] - com.cifrado.controller.CifradoController: 2.- Resultado cifrado AES ( Subcadena2 ) [6BEbaefVxBXPUUkWL45qmSusleN9c+Y3dVbHUr+QSFxJAh6ius53CSz/qKe5TSdTS1xH1sv4as+i0gOGLHd/j114VQeXSTugyf3YMtBWoGp5nLCmIJe0H1kucUyVnp4xcs/9BVaiDTZNMM130CYN0iL+ux+mZNn39DrJaCHN8heUTnFzHN5Ez58mjTsWJ6qzFibkD1Baxvy7eqwqq5Jn3wqWwjIfTUF6rW6JP5TjV/c4xDCQSf2da1sFzfA9jjTYHOfMFZYbRSmvNE2DblHQNyUzKA/d/ZMEtwfN9CXV/bfCiNvRhLiFLYYjK79kNdTiYfAyzI8FtuURk9Yhbknd7ShAvsqrbg+rsTTjFmtbRm28peTtKBBBlU6LopcVFDBm5oC/DcKtHOLcKJNbVkHTBi7B8Qne/ZYuDe79/zgp2v8imGnRm6Y=]
2025-10-17 16:08:02,312 [http-nio-8888-exec-4] - [DEBUG] - com.cifrado.controller.CifradoController: 3.- Prueba decifrado AES (JSON Datos) [{"merchantId":"9709884","name":"ANGIE","password":"Mar?toN2!5","mode":"PRD","controlNumber":"REF1760717279","terminalId":"97098841","amount":"20.00","merchantName":"INSCRIP MARATHON MTY","merchantCity":"Monterrey","lang":"ES","customerRef1":"NA","customerRef2":"NA","customerRef3":"NA","customerRef4":"NA","customerRef5":"NA"}]
2025-10-17 16:08:02,312 [http-nio-8888-exec-4] - [DEBUG] - com.cifrado.controller.CifradoController: 4.- AES Llaves Generada [6670777a6b663562756d383972676c69::63756c686d74303467696c7a68656466::V)o0O+t=VtqKQTir]
2025-10-17 16:08:02,313 [http-nio-8888-exec-4] - [DEBUG] - com.cifrado.controller.CifradoController: -
2025-10-17 16:08:02,317 [http-nio-8888-exec-4] - [DEBUG] - com.cifrado.utils.CifradoRSA: RSA Encrypt Provider: [SunJCE], [RSA/ECB/OAEPWITHSHA-256ANDMGF1PADDING]
2025-10-17 16:08:02,318 [http-nio-8888-exec-4] - [DEBUG] - com.cifrado.controller.CifradoController: 5.- Resultado cifrado de Llaves AES ( Subcadena1 ) [QWDpjbKJsSLAMjIk1bzkw4vkhuaDMz7e5zHEJ2OhZlNk6rFFoSAh6/G4AUw1ToRMeTq/TAkiNTm/IBMCMykvTnFp0nph+aJn5OjJlWNApHD0eXxToN3RAY94jBX7/1dUZ4CTVzgr01DMq/Fc8fqgWcw3gr5fQ4SWHrTUNQ/+r/Oh/l/XPrZYUK7Lndnw8aISFq5x8ZeeCY0cP3qcMnAVO1oOel8xyjMNcFRRXqxtXiBFvZF83JQaKNA93pgml8AFjmzgV4ujcuLbxjvG5d648sBthuX7eBMHxyRT4opHZMC2/SEFcUGBt/PLaNHt+ku+dAgiQtepFkFGEtz80A6Heg==]
2025-10-17 16:08:02,318 [http-nio-8888-exec-4] - [DEBUG] - com.cifrado.controller.CifradoController: Cadena para enviar al Orquestador (Subcadena1:::Subcadena2) [QWDpjbKJsSLAMjIk1bzkw4vkhuaDMz7e5zHEJ2OhZlNk6rFFoSAh6/G4AUw1ToRMeTq/TAkiNTm/IBMCMykvTnFp0nph+aJn5OjJlWNApHD0eXxToN3RAY94jBX7/1dUZ4CTVzgr01DMq/Fc8fqgWcw3gr5fQ4SWHrTUNQ/+r/Oh/l/XPrZYUK7Lndnw8aISFq5x8ZeeCY0cP3qcMnAVO1oOel8xyjMNcFRRXqxtXiBFvZF83JQaKNA93pgml8AFjmzgV4ujcuLbxjvG5d648sBthuX7eBMHxyRT4opHZMC2/SEFcUGBt/PLaNHt+ku+dAgiQtepFkFGEtz80A6Heg==:::6BEbaefVxBXPUUkWL45qmSusleN9c+Y3dVbHUr+QSFxJAh6ius53CSz/qKe5TSdTS1xH1sv4as+i0gOGLHd/j114VQeXSTugyf3YMtBWoGp5nLCmIJe0H1kucUyVnp4xcs/9BVaiDTZNMM130CYN0iL+ux+mZNn39DrJaCHN8heUTnFzHN5Ez58mjTsWJ6qzFibkD1Baxvy7eqwqq5Jn3wqWwjIfTUF6rW6JP5TjV/c4xDCQSf2da1sFzfA9jjTYHOfMFZYbRSmvNE2DblHQNyUzKA/d/ZMEtwfN9CXV/bfCiNvRhLiFLYYjK79kNdTiYfAyzI8FtuURk9Yhbknd7ShAvsqrbg+rsTTjFmtbRm28peTtKBBBlU6LopcVFDBm5oC/DcKtHOLcKJNbVkHTBi7B8Qne/ZYuDe79/zgp2v8imGnRm6Y=]
2025-10-17 16:14:32,239 [http-nio-8888-exec-6] - [DEBUG] - com.cifrado.controller.CifradoController: Obteniendo Base64 (JSON Datos) [eyJtZXJjaGFudElkIjoiOTcwOTg4NCIsIm5hbWUiOiJBTkdJRSIsInBhc3N3b3JkIjoiTWFyP3RvTjIhNSIsIm1vZGUiOiJQUkQiLCJjb250cm9sTnVtYmVyIjoiUkVGMTc2MDcxNzY2MyIsInRlcm1pbmFsSWQiOiI5NzA5ODg0MSIsImFtb3VudCI6IjIwLjAwIiwibWVyY2hhbnROYW1lIjoiSU5TQ1JJUCBNQVJBVEhPTiBNVFkiLCJtZXJjaGFudENpdHkiOiJNb250ZXJyZXkiLCJsYW5nIjoiRVMiLCJjdXN0b21lclJlZjEiOiJOQSIsImN1c3RvbWVyUmVmMiI6Ik5BIiwiY3VzdG9tZXJSZWYzIjoiTkEiLCJjdXN0b21lclJlZjQiOiJOQSIsImN1c3RvbWVyUmVmNSI6Ik5BIn0=]... 
2025-10-17 16:14:32,243 [http-nio-8888-exec-6] - [DEBUG] - com.cifrado.controller.CifradoController: Resultado Decodificado de Base64 (JSON Datos) [{"merchantId":"9709884","name":"ANGIE","password":"Mar?toN2!5","mode":"PRD","controlNumber":"REF1760717663","terminalId":"97098841","amount":"20.00","merchantName":"INSCRIP MARATHON MTY","merchantCity":"Monterrey","lang":"ES","customerRef1":"NA","customerRef2":"NA","customerRef3":"NA","customerRef4":"NA","customerRef5":"NA"}]

2025-10-17 16:14:32,243 [http-nio-8888-exec-6] - [DEBUG] - com.cifrado.controller.CifradoController: 1.- Se cifrará JSON Datos con la llave pública -> [MIIGdDCCBVygAwIBAgITFwABTnQA5m6Udb1vlQABAAFOdDANBgkqhkiG9w0BAQsF
ADB5MQswCQYDVQQGEwJNWDEZMBcGCgmSJomT8ixkARkWCWdmYmFub3J0ZTEeMBwG
A1UEChMVU2VndXJpZGFkIGluZm9ybWF0aWNhMS8wLQYDVQQDEyZHcnVwbyBGaW5h
bmNpZXJvIEJhbm9ydGUgQ0EgRW50ZXJwcmlzZTAeFw0yNTAyMjEyMDAwMzVaFw0y
NjAyMjEyMDAwMzVaMIGoMQswCQYDVQQGEwJNWDELMAkGA1UECBMCREYxDzANBgNV
BAcTBk1leGljbzErMCkGA1UEChMiR3J1cG8gRmluYW5jaWVybyBCYW5vcnRlIFNB
QiBkZSBDVjEkMCIGA1UECxMbU2VndXJpZGFkIGRlIGxhIEluZm9ybWFjaW9uMSgw
JgYDVQQDEx9tdWx0aWNvYnJvc2tleS51bml4LmJhbm9ydGUuY29tMIIBIjANBgkq
hkiG9w0BAQEFAAOCAQ8AMIIBCgKCAQEAvp69wp3Z6ZXCHS+OQ2k8H26dWwuF/cSv
f37YT7NYfz4YvvXeahNv0CCStL5tATSoYj8MDKzNbwidXq/7e6JQpV1bcZjYXcjL
qli0GrOaJ00wUdR3zFS5F85Ks7ycTW6wNl/n7X8QXFVAh+HJyO7yrKdopcPyNLfJ
xBeXlvvuGfAKLJ7mCDdPN2UROg/35yLKil+VMB8OgF/KXEajmR0a+FiEe96+AkW3
oWMslb9fXm8+Kc4IqXKTZQg52CHPlbSnY8vaBqZd0sH5W60NILFFXgNFXsQAHhUt
njvcL+MY6NOHGeRYyrafP7Vwoog2kQiIUZafH/D1dWmB0r9qCv3VkQIDAQABo4IC
wzCCAr8wMgYDVR0RBCswKYIKbG54c2lzYTAxcIIbbG54c2lzYTAxcC51bml4LmJh
bm9ydGUuY29tMB0GA1UdDgQWBBR3lYj1Ic4B/MjmXVpM+fSAo3YxhTAfBgNVHSME
GDAWgBTQBPbPr59ruX3bXiA0YK0zB6UM0zCB7QYDVR0fBIHlMIHiMIHfoIHcoIHZ
hoHWbGRhcDovLy9DTj1HcnVwbyUyMEZpbmFuY2llcm8lMjBCYW5vcnRlJTIwQ0El
MjBFbnRlcnByaXNlLENOPUNBLUJBTk9SVEUtUkEsQ049Q0RQLENOPVB1YmxpYyUy
MEtleSUyMFNlcnZpY2VzLENOPVNlcnZpY2VzLENOPUNvbmZpZ3VyYXRpb24sREM9
Z2ZiYW5vcnRlP2NlcnRpZmljYXRlUmV2b2NhdGlvbkxpc3Q/YmFzZT9vYmplY3RD
bGFzcz1jUkxEaXN0cmlidXRpb25Qb2ludDCB2wYIKwYBBQUHAQEEgc4wgcswgcgG
CCsGAQUFBzAChoG7bGRhcDovLy9DTj1HcnVwbyUyMEZpbmFuY2llcm8lMjBCYW5v
cnRlJTIwQ0ElMjBFbnRlcnByaXNlLENOPUFJQSxDTj1QdWJsaWMlMjBLZXklMjBT
ZXJ2aWNlcyxDTj1TZXJ2aWNlcyxDTj1Db25maWd1cmF0aW9uLERDPWdmYmFub3J0
ZT9jQUNlcnRpZmljYXRlP2Jhc2U/b2JqZWN0Q2xhc3M9Y2VydGlmaWNhdGlvbkF1
dGhvcml0eTALBgNVHQ8EBAMCBaAwPAYJKwYBBAGCNxUHBC8wLQYlKwYBBAGCNxUI
g+v5BoK1j0eNkROCp58GguHddCKCxphfgtj9DwIBZAIBEjATBgNVHSUEDDAKBggr
BgEFBQcDATAbBgkrBgEEAYI3FQoEDjAMMAoGCCsGAQUFBwMBMA0GCSqGSIb3DQEB
CwUAA4IBAQBicj3sAYJZTkjNo+HcqhPGDSA8vJ3rTEvDDqcaNiWlfPFaXLNBxfk2
aKuV6Ibf1nSE9lfrpqVz+RwKCrtc4jXx9lO6BkgAuG7H2h6Tg53TbYPUJnr5ynwi
jRlOacsJFvj5c6MLoM0Jrdw9ozd8UVjbqHTWo9iClPOGm9GX3FSc21bUWkSlp/Re
MeWXKhMhCtKdWPqQGYIW3skpUYzhgGTDdEaUvXFYK79Pud7mxS1761P1qt7s1Axo
61dvEM9gwtPuqcARkrwMroAqUhPmda71sndN3Z1CAh1khviyowwA2dZdxdT8ZqZy
01+dEnuNx6BtEq8aht+M2u01BOXiqj1U
]
2025-10-17 16:14:32,247 [http-nio-8888-exec-6] - [DEBUG] - com.cifrado.controller.CifradoController: 2.- Resultado cifrado AES ( Subcadena2 ) [B0UBamJhX3L8YPJkqGDBRCN85lD+mGYAMFKkXcOPSTBbBzJesGOzjvguC/yrpJwyyF/pBjZUcABCCkwFtZ5E3eSiQLL8fO7vUHBNozRi1rykxbqG8w2OBuOPmXRYYhcOUdViy0qTrV2iMaYsStopr7VJV5rzO0F55txZXh8Z/sZjkZk/mO4X/063oVJn3HavXDDNas65SPchUC7VLvsklAAIY21tZuwsE+BigmsgphkpZbkhV2+7MwGkmYiwZCYp54Z088+isKgst15kPBMEhmhxYt0PeZu5r/i9JfHWvmP5k25/iWxcE5LWDhnUL1RG5gvsn0OAlPKOIMsvCw5iu7OyzBRAvZqW+4b/sZqbXi9eN/xQ14HTtolA7vyESC7Ev3R1DQSZJJkElraGgnGNP5RonAw3+dLtUGbxwdUw6xhXnNvi+wI=]
2025-10-17 16:14:32,249 [http-nio-8888-exec-6] - [DEBUG] - com.cifrado.controller.CifradoController: 3.- Prueba decifrado AES (JSON Datos) [{"merchantId":"9709884","name":"ANGIE","password":"Mar?toN2!5","mode":"PRD","controlNumber":"REF1760717663","terminalId":"97098841","amount":"20.00","merchantName":"INSCRIP MARATHON MTY","merchantCity":"Monterrey","lang":"ES","customerRef1":"NA","customerRef2":"NA","customerRef3":"NA","customerRef4":"NA","customerRef5":"NA"}]
2025-10-17 16:14:32,249 [http-nio-8888-exec-6] - [DEBUG] - com.cifrado.controller.CifradoController: 4.- AES Llaves Generada [646c6d336c7036717762717170373336::6f756d3871366f6d6539663632707176::wJ*Qbv7XR!u(%A%u]
2025-10-17 16:14:32,250 [http-nio-8888-exec-6] - [DEBUG] - com.cifrado.controller.CifradoController: -
2025-10-17 16:14:32,252 [http-nio-8888-exec-6] - [DEBUG] - com.cifrado.utils.CifradoRSA: RSA Encrypt Provider: [SunJCE], [RSA/ECB/OAEPWITHSHA-256ANDMGF1PADDING]
2025-10-17 16:14:32,252 [http-nio-8888-exec-6] - [DEBUG] - com.cifrado.controller.CifradoController: 5.- Resultado cifrado de Llaves AES ( Subcadena1 ) [uXmT9N209oo7yf9vWnCmcRnZdDRTIw8WAhp/Lqbb3qg6YdU7InphvN3ArHD4xZyFOad2uF06z81HimRsTd2KjRCdiZ4FbIJdmRNNM7YHh8Sk4jS97ISFC25OLXVjmlMShNx2su2sPGVjGvhvuIwEaV6VZO83ITCCC2sP5IEE2AGFu8kEPzAvQbJ0gXF6XUJ/HA0spmloPmUn7NUXUmUo5j1Gf280ASK3YvJQmdXr8llG2SphhUklXsff7r8ANWaUbI9OYMbTi9ngCAxAniXybP/esNgtuHfZxFRBm2SZvqIp0J7RnIrMj7HVU/K7ScUMmzWmPkIt0CCiZjc5Hiue8A==]
2025-10-17 16:14:32,253 [http-nio-8888-exec-6] - [DEBUG] - com.cifrado.controller.CifradoController: Cadena para enviar al Orquestador (Subcadena1:::Subcadena2) [uXmT9N209oo7yf9vWnCmcRnZdDRTIw8WAhp/Lqbb3qg6YdU7InphvN3ArHD4xZyFOad2uF06z81HimRsTd2KjRCdiZ4FbIJdmRNNM7YHh8Sk4jS97ISFC25OLXVjmlMShNx2su2sPGVjGvhvuIwEaV6VZO83ITCCC2sP5IEE2AGFu8kEPzAvQbJ0gXF6XUJ/HA0spmloPmUn7NUXUmUo5j1Gf280ASK3YvJQmdXr8llG2SphhUklXsff7r8ANWaUbI9OYMbTi9ngCAxAniXybP/esNgtuHfZxFRBm2SZvqIp0J7RnIrMj7HVU/K7ScUMmzWmPkIt0CCiZjc5Hiue8A==:::B0UBamJhX3L8YPJkqGDBRCN85lD+mGYAMFKkXcOPSTBbBzJesGOzjvguC/yrpJwyyF/pBjZUcABCCkwFtZ5E3eSiQLL8fO7vUHBNozRi1rykxbqG8w2OBuOPmXRYYhcOUdViy0qTrV2iMaYsStopr7VJV5rzO0F55txZXh8Z/sZjkZk/mO4X/063oVJn3HavXDDNas65SPchUC7VLvsklAAIY21tZuwsE+BigmsgphkpZbkhV2+7MwGkmYiwZCYp54Z088+isKgst15kPBMEhmhxYt0PeZu5r/i9JfHWvmP5k25/iWxcE5LWDhnUL1RG5gvsn0OAlPKOIMsvCw5iu7OyzBRAvZqW+4b/sZqbXi9eN/xQ14HTtolA7vyESC7Ev3R1DQSZJJkElraGgnGNP5RonAw3+dLtUGbxwdUw6xhXnNvi+wI=]
2025-10-17 16:27:03,508 [http-nio-8888-exec-8] - [DEBUG] - com.cifrado.controller.CifradoController: Obteniendo Base64 (JSON Datos) [eyJtZXJjaGFudElkIjoiOTcwOTg4NCIsIm5hbWUiOiJBTkdJRSIsInBhc3N3b3JkIjoiTWFyP3RvTjIhNSIsIm1vZGUiOiJQUkQiLCJjb250cm9sTnVtYmVyIjoiUkVGMTc2MDcxODQyMiIsInRlcm1pbmFsSWQiOiI5NzA5ODg0MSIsImFtb3VudCI6IjIwLjAwIiwibWVyY2hhbnROYW1lIjoiSU5TQ1JJUCBNQVJBVEhPTiBNVFkiLCJtZXJjaGFudENpdHkiOiJNb250ZXJyZXkiLCJsYW5nIjoiRVMiLCJjdXN0b21lclJlZjEiOiJOQSIsImN1c3RvbWVyUmVmMiI6Ik5BIiwiY3VzdG9tZXJSZWYzIjoiTkEiLCJjdXN0b21lclJlZjQiOiJOQSIsImN1c3RvbWVyUmVmNSI6Ik5BIn0=]... 
2025-10-17 16:27:03,510 [http-nio-8888-exec-8] - [DEBUG] - com.cifrado.controller.CifradoController: Resultado Decodificado de Base64 (JSON Datos) [{"merchantId":"9709884","name":"ANGIE","password":"Mar?toN2!5","mode":"PRD","controlNumber":"REF1760718422","terminalId":"97098841","amount":"20.00","merchantName":"INSCRIP MARATHON MTY","merchantCity":"Monterrey","lang":"ES","customerRef1":"NA","customerRef2":"NA","customerRef3":"NA","customerRef4":"NA","customerRef5":"NA"}]

2025-10-17 16:27:03,511 [http-nio-8888-exec-8] - [DEBUG] - com.cifrado.controller.CifradoController: 1.- Se cifrará JSON Datos con la llave pública -> [MIIGdDCCBVygAwIBAgITFwABTnQA5m6Udb1vlQABAAFOdDANBgkqhkiG9w0BAQsF
ADB5MQswCQYDVQQGEwJNWDEZMBcGCgmSJomT8ixkARkWCWdmYmFub3J0ZTEeMBwG
A1UEChMVU2VndXJpZGFkIGluZm9ybWF0aWNhMS8wLQYDVQQDEyZHcnVwbyBGaW5h
bmNpZXJvIEJhbm9ydGUgQ0EgRW50ZXJwcmlzZTAeFw0yNTAyMjEyMDAwMzVaFw0y
NjAyMjEyMDAwMzVaMIGoMQswCQYDVQQGEwJNWDELMAkGA1UECBMCREYxDzANBgNV
BAcTBk1leGljbzErMCkGA1UEChMiR3J1cG8gRmluYW5jaWVybyBCYW5vcnRlIFNB
QiBkZSBDVjEkMCIGA1UECxMbU2VndXJpZGFkIGRlIGxhIEluZm9ybWFjaW9uMSgw
JgYDVQQDEx9tdWx0aWNvYnJvc2tleS51bml4LmJhbm9ydGUuY29tMIIBIjANBgkq
hkiG9w0BAQEFAAOCAQ8AMIIBCgKCAQEAvp69wp3Z6ZXCHS+OQ2k8H26dWwuF/cSv
f37YT7NYfz4YvvXeahNv0CCStL5tATSoYj8MDKzNbwidXq/7e6JQpV1bcZjYXcjL
qli0GrOaJ00wUdR3zFS5F85Ks7ycTW6wNl/n7X8QXFVAh+HJyO7yrKdopcPyNLfJ
xBeXlvvuGfAKLJ7mCDdPN2UROg/35yLKil+VMB8OgF/KXEajmR0a+FiEe96+AkW3
oWMslb9fXm8+Kc4IqXKTZQg52CHPlbSnY8vaBqZd0sH5W60NILFFXgNFXsQAHhUt
njvcL+MY6NOHGeRYyrafP7Vwoog2kQiIUZafH/D1dWmB0r9qCv3VkQIDAQABo4IC
wzCCAr8wMgYDVR0RBCswKYIKbG54c2lzYTAxcIIbbG54c2lzYTAxcC51bml4LmJh
bm9ydGUuY29tMB0GA1UdDgQWBBR3lYj1Ic4B/MjmXVpM+fSAo3YxhTAfBgNVHSME
GDAWgBTQBPbPr59ruX3bXiA0YK0zB6UM0zCB7QYDVR0fBIHlMIHiMIHfoIHcoIHZ
hoHWbGRhcDovLy9DTj1HcnVwbyUyMEZpbmFuY2llcm8lMjBCYW5vcnRlJTIwQ0El
MjBFbnRlcnByaXNlLENOPUNBLUJBTk9SVEUtUkEsQ049Q0RQLENOPVB1YmxpYyUy
MEtleSUyMFNlcnZpY2VzLENOPVNlcnZpY2VzLENOPUNvbmZpZ3VyYXRpb24sREM9
Z2ZiYW5vcnRlP2NlcnRpZmljYXRlUmV2b2NhdGlvbkxpc3Q/YmFzZT9vYmplY3RD
bGFzcz1jUkxEaXN0cmlidXRpb25Qb2ludDCB2wYIKwYBBQUHAQEEgc4wgcswgcgG
CCsGAQUFBzAChoG7bGRhcDovLy9DTj1HcnVwbyUyMEZpbmFuY2llcm8lMjBCYW5v
cnRlJTIwQ0ElMjBFbnRlcnByaXNlLENOPUFJQSxDTj1QdWJsaWMlMjBLZXklMjBT
ZXJ2aWNlcyxDTj1TZXJ2aWNlcyxDTj1Db25maWd1cmF0aW9uLERDPWdmYmFub3J0
ZT9jQUNlcnRpZmljYXRlP2Jhc2U/b2JqZWN0Q2xhc3M9Y2VydGlmaWNhdGlvbkF1
dGhvcml0eTALBgNVHQ8EBAMCBaAwPAYJKwYBBAGCNxUHBC8wLQYlKwYBBAGCNxUI
g+v5BoK1j0eNkROCp58GguHddCKCxphfgtj9DwIBZAIBEjATBgNVHSUEDDAKBggr
BgEFBQcDATAbBgkrBgEEAYI3FQoEDjAMMAoGCCsGAQUFBwMBMA0GCSqGSIb3DQEB
CwUAA4IBAQBicj3sAYJZTkjNo+HcqhPGDSA8vJ3rTEvDDqcaNiWlfPFaXLNBxfk2
aKuV6Ibf1nSE9lfrpqVz+RwKCrtc4jXx9lO6BkgAuG7H2h6Tg53TbYPUJnr5ynwi
jRlOacsJFvj5c6MLoM0Jrdw9ozd8UVjbqHTWo9iClPOGm9GX3FSc21bUWkSlp/Re
MeWXKhMhCtKdWPqQGYIW3skpUYzhgGTDdEaUvXFYK79Pud7mxS1761P1qt7s1Axo
61dvEM9gwtPuqcARkrwMroAqUhPmda71sndN3Z1CAh1khviyowwA2dZdxdT8ZqZy
01+dEnuNx6BtEq8aht+M2u01BOXiqj1U
]
2025-10-17 16:27:03,514 [http-nio-8888-exec-8] - [DEBUG] - com.cifrado.controller.CifradoController: 2.- Resultado cifrado AES ( Subcadena2 ) [pq09r2CkV58Z2vVqiYBbXEsEhmX3vNoRm6Vo4I7/QSKcCU+tuSU34n8hAwGACHc8WYcwLEmPZORZqqN+4vgm6I9f3q+oy+aQTI/yyW3N8GRINwF/DNVgnllWxGNtcUzjf2+tL8jTe3vdO65SYliEKVuz2uBmc8SwljqMkDXbT4rX+DsMB55WKeJLQg8qEmVrwWDDjSJfLtzQ01T+D+p8XdTsHn9hPJxyQmqk1SHDTfziXT+P/0/JjdBJjC+rNRVFt/Z9ZIYsczSU7b9Ful6zhyoqb9qM2T6NhH1g5qwzlsJXHgS1fwR3EBhk5pe5O845QVIhKmM7qlZSEszOesXQh/mMveeZBR5R/3rNt0R4ihnn7ouhd5Lew3ofDyISdy38V5NDKIkCmjfL7qXjDwQLLDHMCEZWA9oKcUEO99UAeGGMNgz7/Yw=]
2025-10-17 16:27:03,516 [http-nio-8888-exec-8] - [DEBUG] - com.cifrado.controller.CifradoController: 3.- Prueba decifrado AES (JSON Datos) [{"merchantId":"9709884","name":"ANGIE","password":"Mar?toN2!5","mode":"PRD","controlNumber":"REF1760718422","terminalId":"97098841","amount":"20.00","merchantName":"INSCRIP MARATHON MTY","merchantCity":"Monterrey","lang":"ES","customerRef1":"NA","customerRef2":"NA","customerRef3":"NA","customerRef4":"NA","customerRef5":"NA"}]
2025-10-17 16:27:03,516 [http-nio-8888-exec-8] - [DEBUG] - com.cifrado.controller.CifradoController: 4.- AES Llaves Generada [646b3935723865636e3737757030356d::6d62616e793873643568757038316e62::eAPP7iZx=q*?G=Ws]
2025-10-17 16:27:03,516 [http-nio-8888-exec-8] - [DEBUG] - com.cifrado.controller.CifradoController: -
2025-10-17 16:27:03,519 [http-nio-8888-exec-8] - [DEBUG] - com.cifrado.utils.CifradoRSA: RSA Encrypt Provider: [SunJCE], [RSA/ECB/OAEPWITHSHA-256ANDMGF1PADDING]
2025-10-17 16:27:03,519 [http-nio-8888-exec-8] - [DEBUG] - com.cifrado.controller.CifradoController: 5.- Resultado cifrado de Llaves AES ( Subcadena1 ) [LJoKuKPJYiupyGjp6NbAavZA5637Hs3wnJxjzE54TVyZFV61gWPSmh5e/5GZqy/Ure1kfeEfQESdsflDaX7GI+iGEdAUXcmnNLaI9uLgS1yUGY0EcoDLwE7y2fxddMj3IiUq2EETQn0/TnAJsLcabV4b2ma0yCs+sxYY8z8cmI4XPsQHsg4lbKeP2YZDhQqI/tHM+vBwNaUxTr8vV4wyZnFDAEeJMosCGXHhfce5Gz7ujX5NP6/GSV3zoNd9+wARak17jDKrl//x1BA60FgaDJZhJS2LQtuNIsNRHtndvft8Pm/9p9acPcXkXIy6D9GlRdCvPBCgNQlfS1CEhdvOqg==]
2025-10-17 16:27:03,519 [http-nio-8888-exec-8] - [DEBUG] - com.cifrado.controller.CifradoController: Cadena para enviar al Orquestador (Subcadena1:::Subcadena2) [LJoKuKPJYiupyGjp6NbAavZA5637Hs3wnJxjzE54TVyZFV61gWPSmh5e/5GZqy/Ure1kfeEfQESdsflDaX7GI+iGEdAUXcmnNLaI9uLgS1yUGY0EcoDLwE7y2fxddMj3IiUq2EETQn0/TnAJsLcabV4b2ma0yCs+sxYY8z8cmI4XPsQHsg4lbKeP2YZDhQqI/tHM+vBwNaUxTr8vV4wyZnFDAEeJMosCGXHhfce5Gz7ujX5NP6/GSV3zoNd9+wARak17jDKrl//x1BA60FgaDJZhJS2LQtuNIsNRHtndvft8Pm/9p9acPcXkXIy6D9GlRdCvPBCgNQlfS1CEhdvOqg==:::pq09r2CkV58Z2vVqiYBbXEsEhmX3vNoRm6Vo4I7/QSKcCU+tuSU34n8hAwGACHc8WYcwLEmPZORZqqN+4vgm6I9f3q+oy+aQTI/yyW3N8GRINwF/DNVgnllWxGNtcUzjf2+tL8jTe3vdO65SYliEKVuz2uBmc8SwljqMkDXbT4rX+DsMB55WKeJLQg8qEmVrwWDDjSJfLtzQ01T+D+p8XdTsHn9hPJxyQmqk1SHDTfziXT+P/0/JjdBJjC+rNRVFt/Z9ZIYsczSU7b9Ful6zhyoqb9qM2T6NhH1g5qwzlsJXHgS1fwR3EBhk5pe5O845QVIhKmM7qlZSEszOesXQh/mMveeZBR5R/3rNt0R4ihnn7ouhd5Lew3ofDyISdy38V5NDKIkCmjfL7qXjDwQLLDHMCEZWA9oKcUEO99UAeGGMNgz7/Yw=]
